[    0.000000] Initializing cgroup subsys cpu
[    0.000000] Linux version 3.16.0-rc6 (tony@vamp) (gcc version 4.8.2 20140110 (prerelease) [ibm/gcc-4_8-branch merged from gcc-4_8-branch, revision 205847] (Ubuntu/Linaro 4.8.2-13ubuntu1) ) #1 SMP PREEMPT Wed Oct 1 14:39:23 EDT 2014
[    0.000000] CPU: AArch64 Processor [410fc0f0] revision 0
[    0.000000] No Cache Writeback Granule information, assuming cache line size 64
[    0.000000] Memory limited to 256MB
[    0.000000] cma: CMA: reserved 16 MiB at 8f000000
[    0.000000] On node 0 totalpages: 65536
[    0.000000]   DMA zone: 896 pages used for memmap
[    0.000000]   DMA zone: 0 pages reserved
[    0.000000]   DMA zone: 65536 pages, LIFO batch:15
[    0.000000] PERCPU: Embedded 11 pages/cpu @ffffffc00efc5000 s12800 r8192 d24064 u45056
[    0.000000] pcpu-alloc: s12800 r8192 d24064 u45056 alloc=11*4096
[    0.000000] pcpu-alloc: [0] 0 [0] 1 [0] 2 [0] 3 
[    0.000000] Built 1 zonelists in Zone order, mobility grouping on.  Total pages: 64640
[    0.000000] Kernel command line: earlyprintk=pl011,0x1c090000 console=ttyAMA0 lpj=19988480 norandmaps rw loglevel=8 mem=256MB root=/dev/sda1
[    0.000000] PID hash table entries: 1024 (order: 1, 8192 bytes)
[    0.000000] Dentry cache hash table entries: 32768 (order: 6, 262144 bytes)
[    0.000000] Inode-cache hash table entries: 16384 (order: 5, 131072 bytes)
[    0.000000] Memory: 223784K/262144K available (4569K kernel code, 308K rwdata, 1640K rodata, 208K init, 187K bss, 38360K reserved)
[    0.000000] Virtual kernel memory layout:
[    0.000000]     vmalloc : 0xffffff8000000000 - 0xffffffbbffff0000   (245759 MB)
[    0.000000]     vmemmap : 0xffffffbc01c00000 - 0xffffffbc01f80000   (     3 MB)
[    0.000000]     modules : 0xffffffbffc000000 - 0xffffffc000000000   (    64 MB)
[    0.000000]     memory  : 0xffffffc000000000 - 0xffffffc010000000   (   256 MB)
[    0.000000]       .init : 0xffffffc000692000 - 0xffffffc0006c6200   (   209 kB)
[    0.000000]       .text : 0xffffffc000080000 - 0xffffffc0006914e4   (  6214 kB)
[    0.000000]       .data : 0xffffffc0006c7000 - 0xffffffc0007141e0   (   309 kB)
[    0.000000] SLUB: HWalign=64, Order=0-3, MinObjects=0, CPUs=4, Nodes=1
[    0.000000] Preemptible hierarchical RCU implementation.
[    0.000000] 	RCU restricting CPUs from NR_CPUS=8 to nr_cpu_ids=4.
[    0.000000] RCU: Adjusting geometry for rcu_fanout_leaf=16, nr_cpu_ids=4
[    0.000000] NR_IRQS:64 nr_irqs:64 0
[    0.000000] Architected cp15 timer(s) running at 100.00MHz (phys).
[    0.000001] sched_clock: 56 bits at 100MHz, resolution 10ns, wraps every 2748779069440ns
[    0.000039] Console: colour dummy device 80x25
[    0.000042] Calibrating delay loop (skipped) preset value.. 3997.69 BogoMIPS (lpj=19988480)
[    0.000045] pid_max: default: 32768 minimum: 301
[    0.000065] Mount-cache hash table entries: 512 (order: 0, 4096 bytes)
[    0.000068] Mountpoint-cache hash table entries: 512 (order: 0, 4096 bytes)
[    0.000254] hw perfevents: no hardware support available
[    1.060134] CPU1: failed to come online
[    2.080264] CPU2: failed to come online
[    3.100395] CPU3: failed to come online
[    3.100400] Brought up 1 CPUs
[    3.100402] SMP: Total of 1 processors activated.
[    3.100500] devtmpfs: initialized
[    3.101762] atomic64_test: passed
[    3.101843] regulator-dummy: no parameters
[    3.102644] NET: Registered protocol family 16
[    3.102917] vdso: 2 pages (1 code, 1 data) at base ffffffc0006cd000
[    3.102927] hw-breakpoint: found 2 breakpoint and 2 watchpoint registers.
[    3.103581] software IO TLB [mem 0x8d400000-0x8d800000] (4MB) mapped at [ffffffc00d400000-ffffffc00d7fffff]
[    3.103585] Serial: AMBA PL011 UART driver
[    3.103931] of_amba_device_create(): amba_device_add() failed (-19) for /smb/motherboard/iofpga@3,00000000/sysctl@020000
[    3.103997] 1c090000.uart: ttyAMA0 at MMIO 0x1c090000 (irq = 37, base_baud = 0) is a PL011 rev3
[    3.104547] console [ttyAMA0] enabled
[    3.104647] of_amba_device_create(): amba_device_add() failed (-19) for /smb/motherboard/iofpga@3,00000000/uart@0a0000
[    3.104695] of_amba_device_create(): amba_device_add() failed (-19) for /smb/motherboard/iofpga@3,00000000/uart@0b0000
[    3.104744] of_amba_device_create(): amba_device_add() failed (-19) for /smb/motherboard/iofpga@3,00000000/uart@0c0000
[    3.104789] of_amba_device_create(): amba_device_add() failed (-19) for /smb/motherboard/iofpga@3,00000000/wdt@0f0000
[    3.130966] 3V3: 3300 mV 
[    3.131042] vgaarb: loaded
[    3.131134] SCSI subsystem initialized
[    3.131205] libata version 3.00 loaded.
[    3.131293] usbcore: registered new interface driver usbfs
[    3.131321] usbcore: registered new interface driver hub
[    3.131375] usbcore: registered new device driver usb
[    3.131420] pps_core: LinuxPPS API ver. 1 registered
[    3.131429] pps_core: Software ver. 5.3.6 - Copyright 2005-2007 Rodolfo Giometti <giometti@linux.it>
[    3.131451] PTP clock support registered
[    3.131688] Switched to clocksource arch_sys_counter
[    3.133862] NET: Registered protocol family 2
[    3.134013] TCP established hash table entries: 2048 (order: 2, 16384 bytes)
[    3.134040] TCP bind hash table entries: 2048 (order: 3, 32768 bytes)
[    3.134072] TCP: Hash tables configured (established 2048 bind 2048)
[    3.134099] TCP: reno registered
[    3.134107] UDP hash table entries: 256 (order: 1, 8192 bytes)
[    3.134124] UDP-Lite hash table entries: 256 (order: 1, 8192 bytes)
[    3.134187] NET: Registered protocol family 1
[    3.134256] RPC: Registered named UNIX socket transport module.
[    3.134266] RPC: Registered udp transport module.
[    3.134274] RPC: Registered tcp transport module.
[    3.134283] RPC: Registered tcp NFSv4.1 backchannel transport module.
[    3.134296] PCI: CLS 0 bytes, default 64
[    3.134626] futex hash table entries: 1024 (order: 4, 65536 bytes)
[    3.134832] HugeTLB registered 2 MB page size, pre-allocated 0 pages
[    3.138917] fuse init (API version 7.23)
[    3.139097] msgmni has been set to 469
[    3.143447] io scheduler noop registered
[    3.143560] io scheduler cfq registered (default)
[    3.144375] pci-host-generic 30000000.pci: PCI host bridge to bus 0000:00
[    3.144389] pci_bus 0000:00: root bus resource [io  0x0000-0xffff]
[    3.144401] pci_bus 0000:00: root bus resource [mem 0x40000000-0x4fffffff]
[    3.144415] pci_bus 0000:00: root bus resource [bus 00-ff]
[    3.144425] pci_bus 0000:00: scanning bus
[    3.144438] pci 0000:00:00.0: [8086:1075] type 00 class 0x020000
[    3.144452] pci 0000:00:00.0: reg 0x10: [mem 0x00000000-0x0001ffff]
[    3.144469] pci 0000:00:00.0: reg 0x30: [mem 0x00000000-0x000007ff pref]
[    3.144534] pci 0000:00:01.0: [8086:7111] type 00 class 0x010185
[    3.144547] pci 0000:00:01.0: reg 0x10: [io  0x0000-0x0007]
[    3.144560] pci 0000:00:01.0: reg 0x14: [io  0x0000-0x0003]
[    3.144572] pci 0000:00:01.0: reg 0x18: [io  0x0000-0x0007]
[    3.144584] pci 0000:00:01.0: reg 0x1c: [io  0x0000-0x0003]
[    3.144596] pci 0000:00:01.0: reg 0x20: [io  0x0000-0x000f]
[    3.144609] pci 0000:00:01.0: reg 0x30: [mem 0x00000000-0x000007ff pref]
[    3.144672] pci_bus 0000:00: fixups for bus
[    3.144681] pci_bus 0000:00: bus scan returning with max=00
[    3.144694] pci 0000:00:00.0: calling quirk_e100_interrupt+0x0/0x1cc
[    3.144718] pci 0000:00:00.0: fixup irq: got 33
[    3.144728] pci 0000:00:00.0: assigning IRQ 33
[    3.144741] pci 0000:00:01.0: fixup irq: got 34
[    3.144750] pci 0000:00:01.0: assigning IRQ 34
[    3.144764] pci 0000:00:00.0: BAR 0: assigned [mem 0x40000000-0x4001ffff]
[    3.144778] pci 0000:00:00.0: BAR 6: assigned [mem 0x40020000-0x400207ff pref]
[    3.144792] pci 0000:00:01.0: BAR 6: assigned [mem 0x40020800-0x40020fff pref]
[    3.144806] pci 0000:00:01.0: BAR 4: assigned [io  0x1000-0x100f]
[    3.144818] pci 0000:00:01.0: BAR 0: assigned [io  0x1010-0x1017]
[    3.144831] pci 0000:00:01.0: BAR 2: assigned [io  0x1018-0x101f]
[    3.144844] pci 0000:00:01.0: BAR 1: assigned [io  0x1020-0x1023]
[    3.144856] pci 0000:00:01.0: BAR 3: assigned [io  0x1024-0x1027]
[    3.145803] Serial: 8250/16550 driver, 4 ports, IRQ sharing disabled
[    3.146345] ata_piix 0000:00:01.0: version 2.13
[    3.146356] ata_piix 0000:00:01.0: enabling device (0000 -> 0001)
[    3.146386] ata_piix 0000:00:01.0: enabling bus mastering
[    3.146981] scsi0 : ata_piix
[    3.147177] scsi1 : ata_piix
[    3.147237] ata1: PATA max UDMA/33 cmd 0x1010 ctl 0x1020 bmdma 0x1000 irq 34
[    3.147249] ata2: PATA max UDMA/33 cmd 0x1018 ctl 0x1024 bmdma 0x1008 irq 34
[    3.147450] e1000: Intel(R) PRO/1000 Network Driver - version 7.3.21-k8-NAPI
[    3.147462] e1000: Copyright (c) 1999-2006 Intel Corporation.
[    3.147484] e1000 0000:00:00.0: enabling device (0000 -> 0002)
[    3.147496] e1000 0000:00:00.0: enabling bus mastering
[    3.301720] ata1.00: ATA-7: M5 IDE Disk, , max UDMA/66
[    3.301730] ata1.00: 2096640 sectors, multi 0: LBA 
[    3.301764] ata1.00: configured for UDMA/33
[    3.301835] scsi 0:0:0:0: Direct-Access     ATA      M5 IDE Disk      n/a  PQ: 0 ANSI: 5
[    3.302052] sd 0:0:0:0: Attached scsi generic sg0 type 0
[    3.302087] sd 0:0:0:0: [sda] 2096640 512-byte logical blocks: (1.07 GB/1023 MiB)
[    3.302146] sd 0:0:0:0: [sda] Write Protect is off
[    3.302156] sd 0:0:0:0: [sda] Mode Sense: 00 3a 00 00
[    3.302186] sd 0:0:0:0: [sda] Write cache: disabled, read cache: enabled, doesn't support DPO or FUA
[    3.302399]  sda: sda1
[    3.302620] sd 0:0:0:0: [sda] Attached SCSI disk
[    3.422060] e1000 0000:00:00.0 eth0: (PCI:33MHz:32-bit) 00:90:00:00:00:01
[    3.422074] e1000 0000:00:00.0 eth0: Intel(R) PRO/1000 Network Connection
[    3.422105] e1000e: Intel(R) PRO/1000 Network Driver - 2.3.2-k
[    3.422115] e1000e: Copyright(c) 1999 - 2014 Intel Corporation.
[    3.422148] igb: Intel(R) Gigabit Ethernet Network Driver - version 5.0.5-k
[    3.422160] igb: Copyright (c) 2007-2014 Intel Corporation.
[    3.422304] usbcore: registered new interface driver usb-storage
[    3.422400] mousedev: PS/2 mouse device common for all mice
[    3.422718] usbcore: registered new interface driver usbhid
[    3.422728] usbhid: USB HID core driver
[    3.422776] TCP: cubic registered
[    3.422785] NET: Registered protocol family 17
 [    3.423371] VFS: Mounted root (ext2 filesystem) on device 8:1.
[    3.423415] devtmpfs: mounted
[    3.423469] Freeing unused kernel memory: 208K (ffffffc000692000 - ffffffc0006c6000)
  INIT:  version 2.88 booting 
 Starting udev
[    3.470498] udevd[607]: starting version 182
Starting Bootlog daemon: bootlogd.
[    3.596627] random: dd urandom read with 22 bits of entropy available
Populating dev cache
net.ipv4.conf.default.rp_filter = 1
net.ipv4.conf.all.rp_filter = 1
hwclock: can't open '/dev/misc/rtc': No such file or directory
Mon Jan 27 08:00:00 UTC 2014
hwclock: can't open '/dev/misc/rtc': No such file or directory
INIT: Entering runlevel: 5
Configuring network interfaces... udhcpc (v1.21.1) started
[    3.801922] e1000: eth0 NIC Link is Up 1000 Mbps Full Duplex, Flow Control: None
Sending discover...
Sending discover...
Sending discover...
No lease, forking to background
done.
Starting rpcbind daemon...rpcbind: cannot create socket for udp6
rpcbind: cannot create socket for tcp6
done.
rpcbind: cannot get uid of '': Success
creating NFS state directory: done
starting statd: done
